src/content/sectors/Sector1.ts(70,9): error TS2353: Object literal may only specify known properties, and 'moon' does not exist in type 'SectorEnvironment'.
src/content/sectors/Sector2.ts(151,9): error TS2353: Object literal may only specify known properties, and 'moon' does not exist in type 'SectorEnvironment'.
src/content/sectors/Sector3.ts(77,9): error TS2353: Object literal may only specify known properties, and 'moon' does not exist in type 'SectorEnvironment'.
src/content/sectors/Sector4.ts(42,9): error TS2353: Object literal may only specify known properties, and 'moon' does not exist in type 'SectorEnvironment'.
src/content/sectors/Sector5.ts(16,9): error TS2353: Object literal may only specify known properties, and 'moon' does not exist in type 'SectorEnvironment'.
src/core/GameSessionLogic.ts(210,28): error TS2339: Property 'cleanup' does not exist on type 'System'.
src/core/GameSessionLogic.ts(210,48): error TS2339: Property 'cleanup' does not exist on type 'System'.
